// Jest Snapshot v1, https://goo.gl/fbAQLP

exports[`Should render EditExpensePage correctly 1`] = `
<div>
  <ExpenseForm
    expense={
      Object {
        "amount": 70000,
        "createdAt": -345600000,
        "description": "PC bill",
        "id": "2",
        "note": "info",
      }
    }
    onSubmit={[Function]}
  />
  <button
    onClick={[Function]}
  >
    Remove
  </button>
</div>
`;
