// Jest Snapshot v1, https://goo.gl/fbAQLP

exports[`Should render ExpenseList with empty message 1`] = `
<div>
  <p>
    No expenses
  </p>
</div>
`;

exports[`Should render ExpenseList with expenses 1`] = `
<div>
  <ExpenseListItem
    amount={190}
    createdAt={0}
    description="Gum"
    id="1"
    key="1"
    note="balali"
  />
  <ExpenseListItem
    amount={70000}
    createdAt={-345600000}
    description="PC bill"
    id="2"
    key="2"
    note="info"
  />
  <ExpenseListItem
    amount={5000}
    createdAt={2592000000}
    description="Gas bill"
    id="3"
    key="3"
    note=""
  />
</div>
`;
