// Jest Snapshot v1, https://goo.gl/fbAQLP

exports[`Should render ExpenseListItem correctly 1`] = `
<div>
  <Link
    replace={false}
    to="/edit/1"
  >
    <h3>
      Gum
    </h3>
  </Link>
  <p>
    Amount: 
    $1.90
    -
    <small>
      Created at: 
      Thu, January 1st 1970
    </small>
  </p>
</div>
`;
