// Jest Snapshot v1, https://goo.gl/fbAQLP

exports[`Should render ExpensesSummary correctly 1`] = `
<div>
  <h4>
    viewing 
    1
     expense
     totalling 
    $94.34
  </h4>
</div>
`;
