// Jest Snapshot v1, https://goo.gl/fbAQLP

exports[`Should render NotFoundPage correctly 1`] = `
<div>
  <h1>
    400 !
  </h1>
  <Link
    replace={false}
    to="/"
  >
    Go Home
  </Link>
</div>
`;
